BL51 BANKED LINKER/LOCATER V6.22.2.0                                                    04/01/2020  00:00:08  PAGE 1


BL51 BANKED LINKER/LOCATER V6.22.2.0, INVOKED BY:
C:\KEIL_V5\C51\BIN\BL51.EXE .\Objects\STARTUP.obj, .\Objects\main.obj, .\Objects\IC_Tests.obj TO .\Objects\Test_8051 PRI
>> NT (.\Listings\Test_8051.m51) RAMSIZE (256)


MEMORY MODEL: SMALL


INPUT MODULES INCLUDED:
  .\Objects\STARTUP.obj (?C_STARTUP)
  .\Objects\main.obj (MAIN)
  .\Objects\IC_Tests.obj (IC_TESTS)
  C:\KEIL_V5\C51\LIB\C51S.LIB (?C?COPY)
  C:\KEIL_V5\C51\LIB\C51S.LIB (?C?CLDOPTR)
  C:\KEIL_V5\C51\LIB\C51S.LIB (?C?ICALL)


LINK MAP OF MODULE:  .\Objects\Test_8051 (?C_STARTUP)


            TYPE    BASE      LENGTH    RELOCATION   SEGMENT NAME
            -----------------------------------------------------

            * * * * * * *   D A T A   M E M O R Y   * * * * * * *
            REG     0000H     0008H     ABSOLUTE     "REG BANK 0"
            DATA    0008H     0023H     UNIT         _DATA_GROUP_
            IDATA   002BH     0001H     UNIT         ?STACK

            * * * * * * *   C O D E   M E M O R Y   * * * * * * *
            CODE    0000H     0003H     ABSOLUTE     
                    0003H     07FDH                  *** GAP ***
            CODE    0800H     0293H     UNIT         ?PR?TEST_74684?IC_TESTS
            CODE    0A93H     0129H     UNIT         ?C?LIB_CODE
            CODE    0BBCH     00CDH     UNIT         ?PR?TEST_74112?IC_TESTS
            CODE    0C89H     00C1H     UNIT         ?PR?TEST_74243?IC_TESTS
            CODE    0D4AH     00B0H     UNIT         ?PR?MAIN?MAIN
            CODE    0DFAH     0083H     UNIT         ?PR?TEST_4077?IC_TESTS
            CODE    0E7DH     007BH     UNIT         ?PR?TEST_7402?IC_TESTS
            CODE    0EF8H     0071H     UNIT         ?CO?MAIN
            CODE    0F69H     002DH     UNIT         ?PR?_UART_SENDSTRING?MAIN
            CODE    0F96H     0024H     UNIT         ?PR?_SLEEP?MAIN
            CODE    0FBAH     000CH     UNIT         ?C_C51STARTUP



OVERLAY MAP OF MODULE:   .\Objects\Test_8051 (?C_STARTUP)


SEGMENT                             DATA_GROUP 
  +--> CALLED SEGMENT             START    LENGTH
-------------------------------------------------
?C_C51STARTUP                     -----    -----
  +--> ?PR?MAIN?MAIN

?PR?MAIN?MAIN                     0008H    0020H
  +--> ?CO?MAIN
  +--> ?PR?_SLEEP?MAIN
  +--> ?PR?_UART_SENDSTRING?MAIN
BL51 BANKED LINKER/LOCATER V6.22.2.0                                                  04/01/2020  00:00:08  PAGE 2



?CO?MAIN                          -----    -----
  +--> ?PR?TEST_7402?IC_TESTS
  +--> ?PR?TEST_74112?IC_TESTS
  +--> ?PR?TEST_74243?IC_TESTS
  +--> ?PR?TEST_74684?IC_TESTS
  +--> ?PR?TEST_4077?IC_TESTS

?PR?_UART_SENDSTRING?MAIN         0028H    0003H



SYMBOL TABLE OF MODULE:  .\Objects\Test_8051 (?C_STARTUP)

  VALUE           TYPE          NAME
  ----------------------------------

  -------         MODULE        ?C_STARTUP
  C:0FBAH         SEGMENT       ?C_C51STARTUP
  I:002BH         SEGMENT       ?STACK
  C:0000H         PUBLIC        ?C_STARTUP
  D:00E0H         SYMBOL        ACC
  D:00F0H         SYMBOL        B
  D:0083H         SYMBOL        DPH
  D:0082H         SYMBOL        DPL
  N:0000H         SYMBOL        IBPSTACK
  N:0100H         SYMBOL        IBPSTACKTOP
  N:0080H         SYMBOL        IDATALEN
  C:0FBDH         SYMBOL        IDATALOOP
  N:0000H         SYMBOL        PBPSTACK
  N:0100H         SYMBOL        PBPSTACKTOP
  N:0000H         SYMBOL        PDATALEN
  N:0000H         SYMBOL        PDATASTART
  N:0000H         SYMBOL        PPAGE
  N:0000H         SYMBOL        PPAGEENABLE
  D:00A0H         SYMBOL        PPAGE_SFR
  D:0081H         SYMBOL        SP
  C:0FBAH         SYMBOL        STARTUP1
  N:0000H         SYMBOL        XBPSTACK
  N:0000H         SYMBOL        XBPSTACKTOP
  N:0000H         SYMBOL        XDATALEN
  N:0000H         SYMBOL        XDATASTART
  C:0000H         LINE#         126
  C:0FBAH         LINE#         133
  C:0FBCH         LINE#         134
  C:0FBDH         LINE#         135
  C:0FBEH         LINE#         136
  C:0FC0H         LINE#         185
  C:0FC3H         LINE#         196
  -------         ENDMOD        ?C_STARTUP

  -------         MODULE        MAIN
  C:0000H         SYMBOL        _ICE_DUMMY_
  D:0080H         PUBLIC        P0
  D:0090H         PUBLIC        P1
  D:00A0H         PUBLIC        P2
  D:00B0H         PUBLIC        P3
BL51 BANKED LINKER/LOCATER V6.22.2.0                                                  04/01/2020  00:00:08  PAGE 3


  B:0098H.1       PUBLIC        TI
  C:0F69H         PUBLIC        _UART_SendString
  C:0D4AH         PUBLIC        main
  D:0099H         PUBLIC        SBUF
  D:0098H         PUBLIC        SCON
  D:0089H         PUBLIC        TMOD
  C:0F4BH         SYMBOL        _?ix1000
  C:0F5AH         SYMBOL        _?ix1001
  B:0088H.5       PUBLIC        TF0
  D:008CH         PUBLIC        TH0
  D:008DH         PUBLIC        TH1
  D:008AH         PUBLIC        TL0
  B:0088H.4       PUBLIC        TR0
  B:0088H.6       PUBLIC        TR1
  C:0F96H         PUBLIC        _Sleep
  -------         PROC          MAIN
  -------         DO            
  D:0008H         SYMBOL        i
  D:0009H         SYMBOL        ic_found
  D:000AH         SYMBOL        ICs
  D:0019H         SYMBOL        ptr
  -------         ENDDO         
  C:0D4AH         LINE#         20
  C:0D4AH         LINE#         21
  C:0D4DH         LINE#         22
  C:0D4FH         LINE#         23
  C:0D60H         LINE#         24
  C:0D73H         LINE#         26
  C:0D76H         LINE#         27
  C:0D79H         LINE#         28
  C:0D7CH         LINE#         29
  C:0D7EH         LINE#         31
  C:0D85H         LINE#         32
  C:0D85H         LINE#         33
  C:0D88H         LINE#         34
  C:0D9CH         LINE#         35
  C:0DB0H         LINE#         36
  C:0DB3H         LINE#         37
  C:0DD9H         LINE#         38
  C:0DDBH         LINE#         39
  C:0DDBH         LINE#         40
  C:0DDFH         LINE#         41
  C:0DE8H         LINE#         42
  C:0DF1H         LINE#         43
  C:0DF1H         LINE#         44
  C:0DF8H         LINE#         46
  -------         ENDPROC       MAIN
  -------         PROC          _SLEEP
  D:0006H         SYMBOL        ms
  -------         DO            
  D:0004H         SYMBOL        i
  -------         ENDDO         
  C:0F96H         LINE#         49
  C:0F96H         LINE#         50
  C:0F99H         LINE#         51
  C:0F9CH         LINE#         53
  C:0FA3H         LINE#         54
BL51 BANKED LINKER/LOCATER V6.22.2.0                                                  04/01/2020  00:00:08  PAGE 4


  C:0FA6H         LINE#         55
  C:0FA9H         LINE#         56
  C:0FABH         LINE#         57
  C:0FAEH         LINE#         58
  C:0FB0H         LINE#         59
  C:0FB2H         LINE#         60
  C:0FB9H         LINE#         61
  -------         ENDPROC       _SLEEP
  -------         PROC          _UART_SENDSTRING
  D:0028H         SYMBOL        str
  -------         DO            
  D:0006H         SYMBOL        i
  -------         ENDDO         
  C:0F69H         LINE#         63
  C:0F6FH         LINE#         64
  C:0F72H         LINE#         65
  C:0F87H         LINE#         66
  C:0F89H         LINE#         67
  C:0F8BH         LINE#         68
  C:0F8EH         LINE#         69
  C:0F93H         LINE#         70
  C:0F95H         LINE#         71
  -------         ENDPROC       _UART_SENDSTRING
  -------         ENDMOD        MAIN

  -------         MODULE        IC_TESTS
  C:0000H         SYMBOL        _ICE_DUMMY_
  D:0080H         PUBLIC        P0
  D:0090H         PUBLIC        P1
  D:00A0H         PUBLIC        P2
  C:0BBCH         PUBLIC        Test_74112
  D:00B0H         PUBLIC        P3
  C:0C89H         PUBLIC        Test_74243
  B:0080H.2       PUBLIC        FLIP_J1
  B:00A0H.5       PUBLIC        FLIP_J2
  B:0080H.1       PUBLIC        FLIP_K1
  B:00A0H.4       PUBLIC        FLIP_K2
  B:0080H.4       PUBLIC        FLIP_Q1
  B:00A0H.7       PUBLIC        FLIP_Q2
  C:0800H         PUBLIC        Test_74684
  B:0080H.1       PUBLIC        COMP_P0
  B:0080H.3       PUBLIC        COMP_P1
  B:0080H.2       PUBLIC        COMP_Q0
  B:0080H.5       PUBLIC        COMP_P2
  B:0080H.4       PUBLIC        COMP_Q1
  B:0080H.7       PUBLIC        COMP_P3
  B:0080H.6       PUBLIC        COMP_Q2
  B:0090H.3       PUBLIC        COMP_P4
  B:0090H.1       PUBLIC        COMP_Q3
  B:00A0H.7       PUBLIC        COMP_P5
  B:0090H.4       PUBLIC        COMP_Q4
  B:00A0H.1       PUBLIC        BUS_GBA
  B:0080H.0       PUBLIC        BUS_GAB
  B:00A0H.6       PUBLIC        COMP_Q5
  B:00A0H.5       PUBLIC        COMP_P6
  B:00A0H.4       PUBLIC        COMP_Q6
  B:00A0H.3       PUBLIC        COMP_P7
BL51 BANKED LINKER/LOCATER V6.22.2.0                                                  04/01/2020  00:00:08  PAGE 5


  B:00A0H.2       PUBLIC        COMP_Q7
  B:0080H.6       PUBLIC        BUS_GND_243
  B:00A0H.1       PUBLIC        FLIP_CLR1
  B:00A0H.2       PUBLIC        FLIP_CLR2
  B:00A0H.0       PUBLIC        BUS_VCC_243
  B:00A0H.1       PUBLIC        COMP_PQ
  B:0080H.2       PUBLIC        BUS_A1
  B:00A0H.3       PUBLIC        BUS_B1
  B:0080H.3       PUBLIC        BUS_A2
  B:00A0H.4       PUBLIC        BUS_B2
  B:0080H.4       PUBLIC        BUS_A3
  B:00A0H.5       PUBLIC        BUS_B3
  B:0080H.5       PUBLIC        BUS_A4
  B:00A0H.6       PUBLIC        BUS_B4
  B:0080H.1       PUBLIC        NOR_A1
  B:0080H.4       PUBLIC        NOR_A2
  B:0080H.2       PUBLIC        NOR_B1
  B:00A0H.6       PUBLIC        NOR_A3
  B:0080H.5       PUBLIC        NOR_B2
  B:00A0H.5       PUBLIC        NOR_B3
  B:00A0H.3       PUBLIC        NOR_A4
  B:00A0H.2       PUBLIC        NOR_B4
  B:0080H.0       PUBLIC        FLIP_CK1
  B:00A0H.3       PUBLIC        FLIP_CK2
  C:0E7DH         PUBLIC        Test_7402
  B:0080H.6       PUBLIC        XNOR_GND_77
  B:0080H.0       PUBLIC        COMP_Pq
  B:00A0H.0       PUBLIC        XNOR_VCC_77
  C:0DFAH         PUBLIC        Test_4077
  B:0080H.0       PUBLIC        COMP_G
  B:0080H.0       PUBLIC        NOR_Y1
  B:0080H.7       PUBLIC        FLIP_GND_112
  B:0080H.3       PUBLIC        NOR_Y2
  B:00A0H.4       PUBLIC        NOR_Y3
  B:00A0H.1       PUBLIC        NOR_Y4
  B:00A0H.0       PUBLIC        FLIP_VCC_112
  B:0080H.3       PUBLIC        FLIP_PR1
  B:00A0H.6       PUBLIC        FLIP_PR2
  B:0080H.0       PUBLIC        XNOR_A
  B:0080H.1       PUBLIC        XNOR_B
  B:0080H.4       PUBLIC        XNOR_C
  B:0080H.5       PUBLIC        XNOR_D
  B:0080H.6       PUBLIC        NOR_GND_02
  B:00A0H.6       PUBLIC        XNOR_E
  B:0090H.2       PUBLIC        COMP_GND_684
  B:00A0H.5       PUBLIC        XNOR_F
  B:0080H.5       PUBLIC        FLIP_Q_1
  B:00A0H.2       PUBLIC        XNOR_G
  B:0080H.6       PUBLIC        FLIP_Q_2
  B:00A0H.0       PUBLIC        NOR_VCC_02
  B:00A0H.1       PUBLIC        XNOR_H
  B:00A0H.0       PUBLIC        COMP_VCC_684
  B:0080H.2       PUBLIC        XNOR_J
  B:0080H.3       PUBLIC        XNOR_K
  B:00A0H.4       PUBLIC        XNOR_L
  B:00A0H.3       PUBLIC        XNOR_M
  -------         PROC          TEST_7402
BL51 BANKED LINKER/LOCATER V6.22.2.0                                                  04/01/2020  00:00:08  PAGE 6


  C:0E7DH         LINE#         4
  C:0E7DH         LINE#         5
  C:0E81H         LINE#         7
  C:0E91H         LINE#         8
  C:0E9EH         LINE#         9
  C:0EAEH         LINE#         10
  C:0EBBH         LINE#         11
  C:0ECBH         LINE#         12
  C:0ED8H         LINE#         13
  C:0EE8H         LINE#         14
  C:0EF5H         LINE#         16
  C:0EF7H         LINE#         17
  -------         ENDPROC       TEST_7402
  -------         PROC          TEST_74112
  C:0BBCH         LINE#         20
  C:0BBCH         LINE#         21
  C:0BC0H         LINE#         22
  C:0BC8H         LINE#         23
  C:0BD0H         LINE#         24
  C:0BDCH         LINE#         29
  C:0BE0H         LINE#         30
  C:0BE4H         LINE#         32
  C:0BF3H         LINE#         37
  C:0BF7H         LINE#         38
  C:0BFBH         LINE#         40
  C:0C0AH         LINE#         45
  C:0C0EH         LINE#         46
  C:0C12H         LINE#         47
  C:0C16H         LINE#         50
  C:0C1AH         LINE#         51
  C:0C1EH         LINE#         52
  C:0C22H         LINE#         54
  C:0C31H         LINE#         59
  C:0C35H         LINE#         60
  C:0C39H         LINE#         61
  C:0C3DH         LINE#         63
  C:0C4CH         LINE#         64
  C:0C50H         LINE#         65
  C:0C54H         LINE#         66
  C:0C58H         LINE#         68
  C:0C67H         LINE#         73
  C:0C6FH         LINE#         74
  C:0C73H         LINE#         75
  C:0C77H         LINE#         77
  C:0C86H         LINE#         79
  C:0C88H         LINE#         80
  -------         ENDPROC       TEST_74112
  -------         PROC          TEST_74243
  C:0C89H         LINE#         83
  C:0C89H         LINE#         84
  C:0C8DH         LINE#         89
  C:0C95H         LINE#         90
  C:0C99H         LINE#         91
  C:0CA1H         LINE#         93
  C:0CB0H         LINE#         94
  C:0CB8H         LINE#         96
  C:0CC7H         LINE#         101
BL51 BANKED LINKER/LOCATER V6.22.2.0                                                  04/01/2020  00:00:08  PAGE 7


  C:0CCFH         LINE#         102
  C:0CD3H         LINE#         103
  C:0CDBH         LINE#         105
  C:0CEAH         LINE#         106
  C:0CF2H         LINE#         108
  C:0D01H         LINE#         116
  C:0D09H         LINE#         117
  C:0D0DH         LINE#         118
  C:0D15H         LINE#         120
  C:0D24H         LINE#         122
  C:0D2CH         LINE#         123
  C:0D30H         LINE#         124
  C:0D38H         LINE#         126
  C:0D47H         LINE#         128
  C:0D49H         LINE#         129
  -------         ENDPROC       TEST_74243
  -------         PROC          TEST_74684
  C:0800H         LINE#         132
  C:0800H         LINE#         133
  C:0804H         LINE#         134
  C:0808H         LINE#         135
  C:080AH         LINE#         139
  C:081AH         LINE#         140
  C:082AH         LINE#         141
  C:0830H         LINE#         147
  C:0840H         LINE#         148
  C:0850H         LINE#         149
  C:0856H         LINE#         151
  C:0866H         LINE#         152
  C:0876H         LINE#         153
  C:087CH         LINE#         155
  C:088CH         LINE#         156
  C:089CH         LINE#         157
  C:08A2H         LINE#         159
  C:08B2H         LINE#         160
  C:08C2H         LINE#         161
  C:08C8H         LINE#         164
  C:08D8H         LINE#         165
  C:08E8H         LINE#         166
  C:08EEH         LINE#         168
  C:08FEH         LINE#         169
  C:090EH         LINE#         170
  C:0914H         LINE#         172
  C:0924H         LINE#         173
  C:0934H         LINE#         174
  C:093AH         LINE#         176
  C:094AH         LINE#         177
  C:095AH         LINE#         178
  C:0960H         LINE#         181
  C:0970H         LINE#         182
  C:0980H         LINE#         183
  C:0986H         LINE#         185
  C:0996H         LINE#         186
  C:09A6H         LINE#         187
  C:09ACH         LINE#         189
  C:09BCH         LINE#         190
  C:09CCH         LINE#         191
BL51 BANKED LINKER/LOCATER V6.22.2.0                                                  04/01/2020  00:00:08  PAGE 8


  C:09D2H         LINE#         193
  C:09E2H         LINE#         194
  C:09F2H         LINE#         195
  C:09F8H         LINE#         198
  C:0A08H         LINE#         199
  C:0A18H         LINE#         200
  C:0A1EH         LINE#         202
  C:0A2EH         LINE#         203
  C:0A3EH         LINE#         204
  C:0A44H         LINE#         206
  C:0A54H         LINE#         207
  C:0A64H         LINE#         208
  C:0A6AH         LINE#         210
  C:0A7AH         LINE#         211
  C:0A8AH         LINE#         212
  C:0A90H         LINE#         215
  C:0A92H         LINE#         216
  -------         ENDPROC       TEST_74684
  -------         PROC          TEST_4077
  C:0DFAH         LINE#         218
  C:0DFAH         LINE#         219
  C:0DFEH         LINE#         220
  C:0E06H         LINE#         222
  C:0E16H         LINE#         223
  C:0E23H         LINE#         224
  C:0E33H         LINE#         225
  C:0E40H         LINE#         226
  C:0E50H         LINE#         227
  C:0E5DH         LINE#         228
  C:0E6DH         LINE#         229
  C:0E7AH         LINE#         231
  C:0E7CH         LINE#         232
  -------         ENDPROC       TEST_4077
  -------         ENDMOD        IC_TESTS

  -------         MODULE        ?C?COPY
  C:0B63H         PUBLIC        ?C?COPY
  -------         ENDMOD        ?C?COPY

  -------         MODULE        ?C?CLDOPTR
  C:0B89H         PUBLIC        ?C?CLDOPTR
  -------         ENDMOD        ?C?CLDOPTR

  -------         MODULE        ?C?ICALL
  C:0BB6H         PUBLIC        ?C?ICALL
  C:0BBAH         PUBLIC        ?C?ICALL2
  -------         ENDMOD        ?C?ICALL

******************************************************************************
* RESTRICTED VERSION WITH 0800H BYTE CODE SIZE LIMIT; USED: 06A0H BYTE (82%) *
******************************************************************************

Program Size: data=44.0 xdata=0 code=1993
LINK/LOCATE RUN COMPLETE.  0 WARNING(S),  0 ERROR(S)
